
$ cmake -S /mnt/s00951640/ops-transformer-profs-demo-megamoe-profile/megamoe_profile -B /mnt/s00951640/ops-transformer-profs-demo-megamoe-profile/prof_runs/20260930_154451_588800_bs128_h5120_i4608_k6_cyclic_shared/build -DPROFILE_CONFIG=/mnt/s00951640/ops-transformer-profs-demo-megamoe-profile/prof_runs/20260930_154451_588800_bs128_h5120_i4608_k6_cyclic_shared/config.json5 -DPROFILE_PYTHON=/mnt/s00951640/envs/wcf_py310/bin/python -DPython3_EXECUTABLE=/mnt/s00951640/envs/wcf_py310/bin/python -DSOC_VERSION=ascend950pr_957c -DCMAKE_BUILD_TYPE=Release
-- The C compiler identification is GNU 11.5.0
-- The CXX compiler identification is GNU 11.5.0
-- Detecting C compiler ABI info
-- Detecting C compiler ABI info - done
-- Check for working C compiler: /usr/bin/gcc-11 - skipped
-- Detecting C compile features
-- Detecting C compile features - done
-- Detecting CXX compiler ABI info
-- Detecting CXX compiler ABI info - done
-- Check for working CXX compiler: /usr/bin/g++-11 - skipped
-- Detecting CXX compile features
-- Detecting CXX compile features - done
-- Found Python3: /mnt/s00951640/envs/wcf_py310/bin/python (found version "3.10.20") found components: Interpreter
-- Configuring done (2.5s)
-- Generating done (0.0s)
-- Build files have been written to: /mnt/s00951640/ops-transformer-profs-demo-megamoe-profile/prof_runs/20260930_154451_588800_bs128_h5120_i4608_k6_cyclic_shared/build

$ cmake --build /mnt/s00951640/ops-transformer-profs-demo-megamoe-profile/prof_runs/20260930_154451_588800_bs128_h5120_i4608_k6_cyclic_shared/build -j 2
[  2%] Creating directories for 'megamoe_kernel_precompile'
[  4%] Building CXX object CMakeFiles/megamoe_host.dir/host.cpp.o
[  6%] No download step for 'megamoe_kernel_precompile'
[  9%] No update step for 'megamoe_kernel_precompile'
[ 11%] No patch step for 'megamoe_kernel_precompile'
[ 13%] Performing configure step for 'megamoe_kernel_precompile'
[ 15%] Linking CXX shared library libmegamoe_host.so
[ 15%] Built target megamoe_host
-- The C compiler identification is GNU 11.5.0
-- The CXX compiler identification is GNU 11.5.0
-- Detecting C compiler ABI info
-- Detecting C compiler ABI info - done
-- Check for working C compiler: /usr/bin/gcc-11 - skipped
-- Detecting C compile features
-- Detecting C compile features - done
-- Detecting CXX compiler ABI info
-- Detecting CXX compiler ABI info - done
-- Check for working CXX compiler: /usr/bin/g++-11 - skipped
-- Detecting CXX compile features
-- Detecting CXX compile features - done
-- Configuring done (1.9s)
-- Generating done (0.0s)
CMake Warning (unused-cli):
  Manually-specified variables were not used by the project:

    DYNAMIC_MODE
    INCLUDE_DIR


-- Build files have been written to: /mnt/s00951640/ops-transformer-profs-demo-megamoe-profile/prof_runs/20260930_154451_588800_bs128_h5120_i4608_k6_cyclic_shared/build/megamoe_kernel_precompile-prefix/src/megamoe_kernel_precompile-build
[ 18%] Performing build step for 'megamoe_kernel_precompile'
[100%] Building CXX object CMakeFiles/precompile_obj.dir/mnt/s00951640/ops-transformer-profs-demo-megamoe-profile/megamoe_profile/kernel.cpp.o
[100%] Built target precompile_obj
[100%] Built target check_src_template
[ 20%] No install step for 'megamoe_kernel_precompile'
[ 22%] Completed 'megamoe_kernel_precompile'
[ 22%] Built target megamoe_kernel_precompile
[ 25%] Creating directories for 'megamoe_kernel_preprocess'
[ 27%] No download step for 'megamoe_kernel_preprocess'
[ 29%] No update step for 'megamoe_kernel_preprocess'
[ 31%] No patch step for 'megamoe_kernel_preprocess'
[ 34%] Performing configure step for 'megamoe_kernel_preprocess'
-- The C compiler identification is GNU 11.5.0
-- The CXX compiler identification is GNU 11.5.0
-- Detecting C compiler ABI info
-- Detecting C compiler ABI info - done
-- Check for working C compiler: /usr/bin/gcc-11 - skipped
-- Detecting C compile features
-- Detecting C compile features - done
-- Detecting CXX compiler ABI info
-- Detecting CXX compiler ABI info - done
-- Check for working CXX compiler: /usr/bin/g++-11 - skipped
-- Detecting CXX compile features
-- Detecting CXX compile features - done
-- Configuring done (1.8s)
-- Generating done (0.0s)
-- Build files have been written to: /mnt/s00951640/ops-transformer-profs-demo-megamoe-profile/prof_runs/20260930_154451_588800_bs128_h5120_i4608_k6_cyclic_shared/build/megamoe_kernel_preprocess-prefix/src/megamoe_kernel_preprocess-build
[ 36%] Performing build step for 'megamoe_kernel_preprocess'
[ 33%] Building CXX object CMakeFiles/preprocess_obj.dir/mnt/s00951640/ops-transformer-profs-demo-megamoe-profile/megamoe_profile/kernel.cpp.o
[ 66%] Building CXX object CMakeFiles/aiv_obj.dir/mnt/s00951640/ops-transformer-profs-demo-megamoe-profile/megamoe_profile/kernel.cpp.o
[ 66%] Built target preprocess_obj
[100%] Building CXX object CMakeFiles/aic_obj.dir/mnt/s00951640/ops-transformer-profs-demo-megamoe-profile/megamoe_profile/kernel.cpp.o
[100%] Built target aiv_obj
/usr/local/Ascend/cann-9.1.0/x86_64-linux/ccec_compiler/bin/ld.lld -m aicorelinux -Ttext=0 /mnt/s00951640/ops-transformer-profs-demo-megamoe-profile/prof_runs/20260930_154451_588800_bs128_h5120_i4608_k6_cyclic_shared/build/megamoe_kernel_preprocess-prefix/src/megamoe_kernel_preprocess-build/CMakeFiles/aiv_obj.dir/mnt/s00951640/ops-transformer-profs-demo-megamoe-profile/megamoe_profile/kernel.cpp.o -o /mnt/s00951640/ops-transformer-profs-demo-megamoe-profile/prof_runs/20260930_154451_588800_bs128_h5120_i4608_k6_cyclic_shared/build/megamoe_kernel_preprocess-prefix/src/megamoe_kernel_preprocess-build/CMakeFiles/aiv_obj.dir/mnt/s00951640/ops-transformer-profs-demo-megamoe-profile/megamoe_profile/kernel.cpp.o[100%] Built target merge_aiv_obj_text
[100%] Built target aic_obj
/usr/local/Ascend/cann-9.1.0/x86_64-linux/ccec_compiler/bin/ld.lld -m aicorelinux -Ttext=0 /mnt/s00951640/ops-transformer-profs-demo-megamoe-profile/prof_runs/20260930_154451_588800_bs128_h5120_i4608_k6_cyclic_shared/build/megamoe_kernel_preprocess-prefix/src/megamoe_kernel_preprocess-build/CMakeFiles/aic_obj.dir/mnt/s00951640/ops-transformer-profs-demo-megamoe-profile/megamoe_profile/kernel.cpp.o -o /mnt/s00951640/ops-transformer-profs-demo-megamoe-profile/prof_runs/20260930_154451_588800_bs128_h5120_i4608_k6_cyclic_shared/build/megamoe_kernel_preprocess-prefix/src/megamoe_kernel_preprocess-build/CMakeFiles/aic_obj.dir/mnt/s00951640/ops-transformer-profs-demo-megamoe-profile/megamoe_profile/kernel.cpp.o[100%] Built target merge_aic_obj_text
[100%] Built target _host_cpp
[ 38%] No install step for 'megamoe_kernel_preprocess'
[ 40%] Completed 'megamoe_kernel_preprocess'
[ 40%] Built target megamoe_kernel_preprocess
[ 43%] Creating directories for 'megamoe_kernel_aiv_device'
[ 45%] Creating directories for 'megamoe_kernel_aic_device'
[ 47%] No download step for 'megamoe_kernel_aiv_device'
[ 50%] No download step for 'megamoe_kernel_aic_device'
[ 52%] No update step for 'megamoe_kernel_aic_device'
[ 54%] No update step for 'megamoe_kernel_aiv_device'
[ 56%] No patch step for 'megamoe_kernel_aic_device'
[ 59%] No patch step for 'megamoe_kernel_aiv_device'
[ 61%] Performing configure step for 'megamoe_kernel_aic_device'
[ 63%] Performing configure step for 'megamoe_kernel_aiv_device'
-- The C compiler identification is GNU 11.5.0
-- The C compiler identification is GNU 11.5.0
-- The CXX compiler identification is GNU 11.5.0
-- The CXX compiler identification is GNU 11.5.0
-- Detecting C compiler ABI info
-- Detecting C compiler ABI info
-- Detecting C compiler ABI info - done
-- Detecting C compiler ABI info - done
-- Check for working C compiler: /usr/bin/gcc-11 - skipped
-- Detecting C compile features
-- Detecting C compile features - done
-- Check for working C compiler: /usr/bin/gcc-11 - skipped
-- Detecting C compile features
-- Detecting C compile features - done
-- Detecting CXX compiler ABI info
-- Detecting CXX compiler ABI info
-- Detecting CXX compiler ABI info - done
-- Detecting CXX compiler ABI info - done
-- Check for working CXX compiler: /usr/bin/g++-11 - skipped
-- Detecting CXX compile features
-- Detecting CXX compile features - done
-- Check for working CXX compiler: /usr/bin/g++-11 - skipped
-- Detecting CXX compile features
-- Detecting CXX compile features - done
-- Configuring done (1.8s)
-- Generating done (0.0s)
-- Build files have been written to: /mnt/s00951640/ops-transformer-profs-demo-megamoe-profile/prof_runs/20260930_154451_588800_bs128_h5120_i4608_k6_cyclic_shared/build/megamoe_kernel_aic_device-prefix/src/megamoe_kernel_aic_device-build
-- Configuring done (1.8s)
-- Generating done (0.0s)
-- Build files have been written to: /mnt/s00951640/ops-transformer-profs-demo-megamoe-profile/prof_runs/20260930_154451_588800_bs128_h5120_i4608_k6_cyclic_shared/build/megamoe_kernel_aiv_device-prefix/src/megamoe_kernel_aiv_device-build
[ 65%] Performing build step for 'megamoe_kernel_aic_device'
[ 68%] Performing build step for 'megamoe_kernel_aiv_device'
[100%] Building CXX object CMakeFiles/device_obj.dir/mnt/s00951640/ops-transformer-profs-demo-megamoe-profile/prof_runs/20260930_154451_588800_bs128_h5120_i4608_k6_cyclic_shared/build/auto_gen/megamoe_kernel/auto_gen_kernel.cpp.o
[100%] Building CXX object CMakeFiles/device_obj.dir/mnt/s00951640/ops-transformer-profs-demo-megamoe-profile/prof_runs/20260930_154451_588800_bs128_h5120_i4608_k6_cyclic_shared/build/auto_gen/megamoe_kernel/auto_gen_kernel.cpp.o
[100%] Built target device_obj
/usr/local/Ascend/cann-9.1.0/x86_64-linux/ccec_compiler/bin/ld.lld  -m aicorelinux -r  -Ttext=0 /mnt/s00951640/ops-transformer-profs-demo-megamoe-profile/prof_runs/20260930_154451_588800_bs128_h5120_i4608_k6_cyclic_shared/build/megamoe_kernel_aiv_device-prefix/src/megamoe_kernel_aiv_device-build/CMakeFiles/device_obj.dir/mnt/s00951640/ops-transformer-profs-demo-megamoe-profile/prof_runs/20260930_154451_588800_bs128_h5120_i4608_k6_cyclic_shared/build/auto_gen/megamoe_kernel/auto_gen_kernel.cpp.o -static -o /mnt/s00951640/ops-transformer-profs-demo-megamoe-profile/prof_runs/20260930_154451_588800_bs128_h5120_i4608_k6_cyclic_shared/build/megamoe_kernel_aiv_device_dir/device.o
[100%] Built target merge_device_obj
[ 70%] No install step for 'megamoe_kernel_aiv_device'
[ 72%] Completed 'megamoe_kernel_aiv_device'
[ 72%] Built target megamoe_kernel_aiv_device
[ 75%] Creating directories for 'megamoe_kernel_host'
[ 77%] No download step for 'megamoe_kernel_host'
[ 79%] No update step for 'megamoe_kernel_host'
[ 81%] No patch step for 'megamoe_kernel_host'
[ 84%] Performing configure step for 'megamoe_kernel_host'
-- The C compiler identification is GNU 11.5.0
-- The CXX compiler identification is GNU 11.5.0
-- Detecting C compiler ABI info
-- Detecting C compiler ABI info - done
-- Check for working C compiler: /usr/bin/gcc-11 - skipped
-- Detecting C compile features
-- Detecting C compile features - done
-- Detecting CXX compiler ABI info
-- Detecting CXX compiler ABI info - done
-- Check for working CXX compiler: /usr/bin/g++-11 - skipped
-- Detecting CXX compile features
-- Detecting CXX compile features - done
-- Configuring done (1.8s)
-- Generating done (0.0s)
CMake Warning (unused-cli):
  Manually-specified variables were not used by the project:

    ASCEND_PYTHON_EXECUTABLE


-- Build files have been written to: /mnt/s00951640/ops-transformer-profs-demo-megamoe-profile/prof_runs/20260930_154451_588800_bs128_h5120_i4608_k6_cyclic_shared/build/megamoe_kernel_host-prefix/src/megamoe_kernel_host-build
[ 86%] Performing build step for 'megamoe_kernel_host'
[100%] Building CXX object CMakeFiles/host_bisheng_obj.dir/mnt/s00951640/ops-transformer-profs-demo-megamoe-profile/megamoe_profile/kernel.cpp.o
[100%] Built target device_obj
/usr/local/Ascend/cann-9.1.0/x86_64-linux/ccec_compiler/bin/ld.lld  -m aicorelinux -r  -Ttext=0 /mnt/s00951640/ops-transformer-profs-demo-megamoe-profile/prof_runs/20260930_154451_588800_bs128_h5120_i4608_k6_cyclic_shared/build/megamoe_kernel_aic_device-prefix/src/megamoe_kernel_aic_device-build/CMakeFiles/device_obj.dir/mnt/s00951640/ops-transformer-profs-demo-megamoe-profile/prof_runs/20260930_154451_588800_bs128_h5120_i4608_k6_cyclic_shared/build/auto_gen/megamoe_kernel/auto_gen_kernel.cpp.o -static -o /mnt/s00951640/ops-transformer-profs-demo-megamoe-profile/prof_runs/20260930_154451_588800_bs128_h5120_i4608_k6_cyclic_shared/build/megamoe_kernel_aic_device_dir/device.o
[100%] Built target host_bisheng_obj
[100%] Built target merge_device_obj
[ 88%] Performing install step for 'megamoe_kernel_host'
[ 90%] No install step for 'megamoe_kernel_aic_device'
[ 93%] Completed 'megamoe_kernel_aic_device'
[ 93%] Built target megamoe_kernel_aic_device
/usr/local/Ascend/cann-9.1.0/x86_64-linux/ccec_compiler/bin/ld.lld -x -m aicorelinux   -Ttext=0 /mnt/s00951640/ops-transformer-profs-demo-megamoe-profile/prof_runs/20260930_154451_588800_bs128_h5120_i4608_k6_cyclic_shared/build/megamoe_kernel_aic_device_dir/device.o /mnt/s00951640/ops-transformer-profs-demo-megamoe-profile/prof_runs/20260930_154451_588800_bs128_h5120_i4608_k6_cyclic_shared/build/megamoe_kernel_aiv_device_dir/device.o -static -o /mnt/s00951640/ops-transformer-profs-demo-megamoe-profile/prof_runs/20260930_154451_588800_bs128_h5120_i4608_k6_cyclic_shared/build/megamoe_kernel_merge_obj_dir/device.o
[100%] Built target host_bisheng_obj
[ 93%] Built target megamoe_kernel_merge_obj
Install the project...
-- Install configuration: "Release"
-- Installing: /mnt/s00951640/ops-transformer-profs-demo-megamoe-profile/prof_runs/20260930_154451_588800_bs128_h5120_i4608_k6_cyclic_shared/build/megamoe_kernel_host_dir/./objects-Release/host_bisheng_obj/mnt/s00951640/ops-transformer-profs-demo-megamoe-profile/megamoe_profile/kernel.cpp.o
[ 95%] Building CXX object CMakeFiles/megamoe_kernel_host_stub_obj.dir/auto_gen/megamoe_kernel/host_stub.cpp.o
[ 95%] Built target megamoe_kernel_host_stub_obj
[ 97%] Completed 'megamoe_kernel_host'
[ 97%] Built target megamoe_kernel_host
[100%] Linking CXX shared library lib/libmegamoe_kernel.so
/usr/local/Ascend/cann-9.1.0/bin/ascendc_pack_kernel /mnt/s00951640/ops-transformer-profs-demo-megamoe-profile/prof_runs/20260930_154451_588800_bs128_h5120_i4608_k6_cyclic_shared/build/CMakeFiles/megamoe_kernel_host_stub_obj.dir/auto_gen/megamoe_kernel/host_stub.cpp.o /mnt/s00951640/ops-transformer-profs-demo-megamoe-profile/prof_runs/20260930_154451_588800_bs128_h5120_i4608_k6_cyclic_shared/build/megamoe_kernel_merge_obj_dir/device.o 0 /mnt/s00951640/ops-transformer-profs-demo-megamoe-profile/prof_runs/20260930_154451_588800_bs128_h5120_i4608_k6_cyclic_shared/build/CMakeFiles/megamoe_kernel_host_stub_obj.dir/auto_gen/megamoe_kernel/host_stub.cpp.o
recompile: /usr/bin/g++-11 -fPIC -O3 -DNDEBUG -shared -Wl,-z,relro -Wl,-z,now -Wl,-z,noexecstack -s -Wl,-soname,libmegamoe_kernel.so -o lib/libmegamoe_kernel.so CMakeFiles/megamoe_kernel_host_stub_obj.dir/auto_gen/megamoe_kernel/host_stub.cpp.o /mnt/s00951640/ops-transformer-profs-demo-megamoe-profile/prof_runs/20260930_154451_588800_bs128_h5120_i4608_k6_cyclic_shared/build/megamoe_kernel_host_dir/objects-Release/host_bisheng_obj/mnt/s00951640/ops-transformer-profs-demo-megamoe-profile/megamoe_profile/kernel.cpp.o    -L/usr/local/Ascend/cann-9.1.0/lib64  -L/usr/local/Ascend/cann-9.1.0/tools/simulator/ascend950pr_957c/lib  /usr/local/Ascend/cann-9.1.0/lib64/libascendc_runtime.a -lascend_dump -lc_sec
[100%] Built target megamoe_kernel

$ /mnt/s00951640/envs/wcf_py310/bin/python -m torch.distributed.run --standalone --nproc_per_node=4 /mnt/s00951640/ops-transformer-profs-demo-megamoe-profile/megamoe_profile/scripts/run_case.py
/mnt/s00951640/envs/wcf_py310/lib/python3.10/runpy.py:126: RuntimeWarning: 'torch.distributed.run' found in sys.modules after import of package 'torch.distributed', but prior to execution of 'torch.distributed.run'; this may result in unpredictable behaviour
  warn(RuntimeWarning(msg))
Using /root/.cache/torch_extensions/py310_cpu as PyTorch extensions root...
Using /root/.cache/torch_extensions/py310_cpu as PyTorch extensions root...
Using /root/.cache/torch_extensions/py310_cpu as PyTorch extensions root...
Using /root/.cache/torch_extensions/py310_cpu as PyTorch extensions root...
Emitting ninja build file /root/.cache/torch_extensions/py310_cpu/quant_flash_attn/build.ninja...
Building extension module quant_flash_attn...
Using envvar MAX_JOBS (2) as the number of workers...
ninja: no work to do.
Loading extension module quant_flash_attn...
Using /root/.cache/torch_extensions/py310_cpu as PyTorch extensions root...
Emitting ninja build file /root/.cache/torch_extensions/py310_cpu/moe_finalize_routing/build.ninja...
Building extension module moe_finalize_routing...
Using envvar MAX_JOBS (2) as the number of workers...
ninja: no work to do.
Loading extension module moe_finalize_routing...
Using /root/.cache/torch_extensions/py310_cpu as PyTorch extensions root...
Emitting ninja build file /root/.cache/torch_extensions/py310_cpu/inplace_partial_rotary_mul/build.ninja...
Building extension module inplace_partial_rotary_mul...
Using envvar MAX_JOBS (2) as the number of workers...
ninja: no work to do.
Loading extension module inplace_partial_rotary_mul...
Loading extension module quant_flash_attn...
Loading extension module quant_flash_attn...
Loading extension module quant_flash_attn...
Using /root/.cache/torch_extensions/py310_cpu as PyTorch extensions root...
Using /root/.cache/torch_extensions/py310_cpu as PyTorch extensions root...
Emitting ninja build file /root/.cache/torch_extensions/py310_cpu/moe_finalize_routing/build.ninja...
Building extension module moe_finalize_routing...
Using envvar MAX_JOBS (2) as the number of workers...
Using /root/.cache/torch_extensions/py310_cpu as PyTorch extensions root...
ninja: no work to do.
Loading extension module moe_finalize_routing...
Using /root/.cache/torch_extensions/py310_cpu as PyTorch extensions root...
Emitting ninja build file /root/.cache/torch_extensions/py310_cpu/inplace_partial_rotary_mul/build.ninja...
Building extension module inplace_partial_rotary_mul...
Using envvar MAX_JOBS (2) as the number of workers...
ninja: no work to do.
Loading extension module inplace_partial_rotary_mul...
Loading extension module moe_finalize_routing...
Loading extension module moe_finalize_routing...
Using /root/.cache/torch_extensions/py310_cpu as PyTorch extensions root...
Emitting ninja build file /root/.cache/torch_extensions/py310_cpu/inplace_partial_rotary_mul/build.ninja...
Building extension module inplace_partial_rotary_mul...
Using envvar MAX_JOBS (2) as the number of workers...
Using /root/.cache/torch_extensions/py310_cpu as PyTorch extensions root...
ninja: no work to do.
Loading extension module inplace_partial_rotary_mul...
Loading extension module inplace_partial_rotary_mul...
{"rank": 1, "torch": "2.7.1+cpu", "torch_npu": "2.7.1.post9.dev20260815", "package": "/mnt/s00951640/envs/wcf_py310/lib/python3.10/site-packages/cann_ops_transformer/__init__.py", "case": {"tokens": 128, "hidden": 5120, "intermediate": 4608, "experts": 12, "topk": 6, "shared_experts": 1, "routing": "cyclic", "seed": 20260930, "dtype": "fp8_e5m2", "warmup": 3, "output_dir": "/mnt/s00951640/ops-transformer-profs-demo-megamoe-profile/prof_runs/20260930_154451_588800_bs128_h5120_i4608_k6_cyclic_shared/raw"}}
{"rank": 0, "torch": "2.7.1+cpu", "torch_npu": "2.7.1.post9.dev20260815", "package": "/mnt/s00951640/envs/wcf_py310/lib/python3.10/site-packages/cann_ops_transformer/__init__.py", "case": {"tokens": 128, "hidden": 5120, "intermediate": 4608, "experts": 12, "topk": 6, "shared_experts": 1, "routing": "cyclic", "seed": 20260930, "dtype": "fp8_e5m2", "warmup": 3, "output_dir": "/mnt/s00951640/ops-transformer-profs-demo-megamoe-profile/prof_runs/20260930_154451_588800_bs128_h5120_i4608_k6_cyclic_shared/raw"}}
[W930 15:45:23.006500065 ProcessGroupHCCL.cpp:1228] Warning: The watchdog timeout 180000ms(which is set by init_process_group) is less than or equal to HCCL execution timeout 1836000ms! The plog may not be recorded. (function ProcessGroupHCCL)
{"rank": 3, "torch": "2.7.1+cpu", "torch_npu": "2.7.1.post9.dev20260815", "package": "/mnt/s00951640/envs/wcf_py310/lib/python3.10/site-packages/cann_ops_transformer/__init__.py", "case": {"tokens": 128, "hidden": 5120, "intermediate": 4608, "experts": 12, "topk": 6, "shared_experts": 1, "routing": "cyclic", "seed": 20260930, "dtype": "fp8_e5m2", "warmup": 3, "output_dir": "/mnt/s00951640/ops-transformer-profs-demo-megamoe-profile/prof_runs/20260930_154451_588800_bs128_h5120_i4608_k6_cyclic_shared/raw"}}
{"rank": 2, "torch": "2.7.1+cpu", "torch_npu": "2.7.1.post9.dev20260815", "package": "/mnt/s00951640/envs/wcf_py310/lib/python3.10/site-packages/cann_ops_transformer/__init__.py", "case": {"tokens": 128, "hidden": 5120, "intermediate": 4608, "experts": 12, "topk": 6, "shared_experts": 1, "routing": "cyclic", "seed": 20260930, "dtype": "fp8_e5m2", "warmup": 3, "output_dir": "/mnt/s00951640/ops-transformer-profs-demo-megamoe-profile/prof_runs/20260930_154451_588800_bs128_h5120_i4608_k6_cyclic_shared/raw"}}
/mnt/s00951640/ops-transformer-profs-demo-megamoe-profile/megamoe_profile/scripts/run_case.py:191: UserWarning: Cannot create tensor with interal format while allow_internel_format=False, tensor will be created with base format. (Triggered internally at ../torch_npu/csrc/aten/common/TensorFactories.cpp:437.)
  col = idx % h
/mnt/s00951640/ops-transformer-profs-demo-megamoe-profile/megamoe_profile/scripts/run_case.py:191: UserWarning: Cannot create tensor with interal format while allow_internel_format=False, tensor will be created with base format. (Triggered internally at ../torch_npu/csrc/aten/common/TensorFactories.cpp:437.)
  col = idx % h
/mnt/s00951640/ops-transformer-profs-demo-megamoe-profile/megamoe_profile/scripts/run_case.py:191: UserWarning: Cannot create tensor with interal format while allow_internel_format=False, tensor will be created with base format. (Triggered internally at ../torch_npu/csrc/aten/common/TensorFactories.cpp:437.)
  col = idx % h
/mnt/s00951640/ops-transformer-profs-demo-megamoe-profile/megamoe_profile/scripts/run_case.py:191: UserWarning: Cannot create tensor with interal format while allow_internel_format=False, tensor will be created with base format. (Triggered internally at ../torch_npu/csrc/aten/common/TensorFactories.cpp:437.)
  col = idx % h
[rank0]:[W930 15:45:25.827885586 op_api_common.cpp:49] Warning: The /usr/local/Ascend/cann-9.1.0/opp/vendors/SoftplusV2Grad/op_api/lib/libcust_opapi.so owner does not match current owner or the root user is using the files of a common user, will skip this file. (function operator())
Using /root/.cache/torch_extensions/py310_cpu as PyTorch extensions root...
Using /root/.cache/torch_extensions/py310_cpu as PyTorch extensions root...
Emitting ninja build file /root/.cache/torch_extensions/py310_cpu/comm_context/build.ninja...
Building extension module comm_context...
Using envvar MAX_JOBS (2) as the number of workers...
Using /root/.cache/torch_extensions/py310_cpu as PyTorch extensions root...
ninja: no work to do.
Loading extension module comm_context...
Using /root/.cache/torch_extensions/py310_cpu as PyTorch extensions root...
Emitting ninja build file /root/.cache/torch_extensions/py310_cpu/comm_context/build.ninja...
Building extension module comm_context...
Using envvar MAX_JOBS (2) as the number of workers...
ninja: no work to do.
Loading extension module comm_context...
Loading extension module comm_context...
Loading extension module comm_context...
Platform aic=28 aiv=56 UB=253952
MegaMoe wave policy: aicNum=28 hiddenDim=9216 h=5120 requested_p1=0 requested_p2=0 effective_p1=2 effective_p2=1 gmm1TilesPerMGroup=36 gmm2TilesPerMGroup=20 gmm1RequiredMGroups=2 gmm2RequiredMGroups=2 mGroupsPerWave=2 dominant_side=TIE
Platform aic=28 aiv=56 UB=253952
Tiling bytes=232 workspace=36173312 maxOutput=1536 mGroupsPerWave=2
MegaMoe wave policy: aicNum=28 hiddenDim=9216 h=5120 requested_p1=0 requested_p2=0 effective_p1=2 effective_p2=1 gmm1TilesPerMGroup=36 gmm2TilesPerMGroup=20 gmm1RequiredMGroups=2 gmm2RequiredMGroups=2 mGroupsPerWave=2 dominant_side=TIE
Tiling bytes=232 workspace=36173312 maxOutput=1536 mGroupsPerWave=2
Platform aic=28 aiv=56 UB=253952
MegaMoe wave policy: aicNum=28 hiddenDim=9216 h=5120 requested_p1=0 requested_p2=0 effective_p1=2 effective_p2=1 gmm1TilesPerMGroup=36 gmm2TilesPerMGroup=20 gmm1RequiredMGroups=2 gmm2RequiredMGroups=2 mGroupsPerWave=2 dominant_side=TIE
Tiling bytes=232 workspace=36173312 maxOutput=1536 mGroupsPerWave=2
Platform aic=28 aiv=56 UB=253952
MegaMoe wave policy: aicNum=28 hiddenDim=9216 h=5120 requested_p1=0 requested_p2=0 effective_p1=2 effective_p2=1 gmm1TilesPerMGroup=36 gmm2TilesPerMGroup=20 gmm1RequiredMGroups=2 gmm2RequiredMGroups=2 mGroupsPerWave=2 dominant_side=TIE
Tiling bytes=232 workspace=36173312 maxOutput=1536 mGroupsPerWave=2
Platform aic=28 aiv=56 UB=253952
MegaMoe wave policy: aicNum=28 hiddenDim=9216 h=5120 requested_p1=0 requested_p2=0 effective_p1=2 effective_p2=1 gmm1TilesPerMGroup=36 gmm2TilesPerMGroup=20 gmm1RequiredMGroups=2 gmm2RequiredMGroups=2 mGroupsPerWave=2 dominant_side=TIE
Tiling bytes=232 workspace=36173312 maxOutput=1536 mGroupsPerWave=2
Platform aic=28 aiv=56 UB=253952
MegaMoe wave policy: aicNum=28 hiddenDim=9216 h=5120 requested_p1=0 requested_p2=0 effective_p1=2 effective_p2=1 gmm1TilesPerMGroup=36 gmm2TilesPerMGroup=20 gmm1RequiredMGroups=2 gmm2RequiredMGroups=2 mGroupsPerWave=2 dominant_side=TIE
Tiling bytes=232 workspace=36173312 maxOutput=1536 mGroupsPerWave=2
Platform aic=28 aiv=56 UB=253952
MegaMoe wave policy: aicNum=28 hiddenDim=9216 h=5120 requested_p1=0 requested_p2=0 effective_p1=2 effective_p2=1 gmm1TilesPerMGroup=36 gmm2TilesPerMGroup=20 gmm1RequiredMGroups=2 gmm2RequiredMGroups=2 mGroupsPerWave=2 dominant_side=TIE
Tiling bytes=232 workspace=36173312 maxOutput=1536 mGroupsPerWave=2
Platform aic=28 aiv=56 UB=253952
MegaMoe wave policy: aicNum=28 hiddenDim=9216 h=5120 requested_p1=0 requested_p2=0 effective_p1=2 effective_p2=1 gmm1TilesPerMGroup=36 gmm2TilesPerMGroup=20 gmm1RequiredMGroups=2 gmm2RequiredMGroups=2 mGroupsPerWave=2 dominant_side=TIE
Tiling bytes=232 workspace=36173312 maxOutput=1536 mGroupsPerWave=2
WARMUP_DONE rank=1 iteration=0WARMUP_DONE rank=0 iteration=0WARMUP_DONE rank=2 iteration=0WARMUP_DONE rank=3 iteration=0



WARMUP_DONE rank=1 iteration=1
WARMUP_DONE rank=0 iteration=1WARMUP_DONE rank=2 iteration=1WARMUP_DONE rank=3 iteration=1


WARMUP_DONE rank=1 iteration=2
WARMUP_DONE rank=0 iteration=2WARMUP_DONE rank=3 iteration=2WARMUP_DONE rank=2 iteration=2


ROUTING_SLICE rank=1 n_rows=12 sent_total=768 ids_sha256=9411407061e0e1fec9622634d0d9159f5b1d5b3958c9d335d4d518ed2231ce80
PROFILE_MEASURE_BEGIN rank=1 launches=1 warmup=3 library=/mnt/s00951640/ops-transformer-profs-demo-megamoe-profile/prof_runs/20260930_154451_588800_bs128_h5120_i4608_k6_cyclic_shared/build/lib/libmegamoe_kernel.so
ROUTING_SLICE rank=3 n_rows=12 sent_total=768 ids_sha256=67b3f8deb88958450399369af89f472dacb12572441f227bb3f3e187ad1955cb
PROFILE_MEASURE_BEGIN rank=3 launches=1 warmup=3 library=/mnt/s00951640/ops-transformer-profs-demo-megamoe-profile/prof_runs/20260930_154451_588800_bs128_h5120_i4608_k6_cyclic_shared/build/lib/libmegamoe_kernel.so
ROUTING_SLICE rank=2 n_rows=12 sent_total=768 ids_sha256=94052643d2b0fcae4253c2e5c83d8c82e5780314892fca63b4efd915692616c6
PROFILE_MEASURE_BEGIN rank=2 launches=1 warmup=3 library=/mnt/s00951640/ops-transformer-profs-demo-megamoe-profile/prof_runs/20260930_154451_588800_bs128_h5120_i4608_k6_cyclic_shared/build/lib/libmegamoe_kernel.so
ROUTING_SLICE rank=0 n_rows=12 sent_total=768 ids_sha256=ce9f112f1d5967746c04c5159c51a7db002ebf621beaafa903c72a5587cc7f72
PROFILE_MEASURE_BEGIN rank=0 launches=1 warmup=3 library=/mnt/s00951640/ops-transformer-profs-demo-megamoe-profile/prof_runs/20260930_154451_588800_bs128_h5120_i4608_k6_cyclic_shared/build/lib/libmegamoe_kernel.so
STEP_HOST_TIMING rank=0 rep=0 launch_t=13157.648284888 done_t=13157.648791401 own_e2e_us=506.5
RESULT_CHECK rank=0 rep=0 y_sha256=ede5a9557d34e4e64f6936ecf1974c8e4ff260f9b626ae98855eee6dff736982 y_sum=1105920.000000 y_finite=True counts=[256, 256, 256]
PROFILE_MEASURE_END rank=0 repeats=1
INPUT_PREP rank=0 input_prepare_us=1212478.8
STEP_HOST_TIMING rank=3 rep=0 launch_t=13157.648250338 done_t=13157.648787085 own_e2e_us=536.7
RESULT_CHECK rank=3 rep=0 y_sha256=ede5a9557d34e4e64f6936ecf1974c8e4ff260f9b626ae98855eee6dff736982 y_sum=1105920.000000 y_finite=True counts=[256, 256, 256]
PROFILE_MEASURE_END rank=3 repeats=1
INPUT_PREP rank=3 input_prepare_us=1217439.6
STEP_HOST_TIMING rank=2 rep=0 launch_t=13157.648260212 done_t=13157.648790770 own_e2e_us=530.6
RESULT_CHECK rank=2 rep=0 y_sha256=ede5a9557d34e4e64f6936ecf1974c8e4ff260f9b626ae98855eee6dff736982 y_sum=1105920.000000 y_finite=True counts=[256, 256, 256]
PROFILE_MEASURE_END rank=2 repeats=1
INPUT_PREP rank=2 input_prepare_us=1217366.7
STEP_HOST_TIMING rank=1 rep=0 launch_t=13157.648254504 done_t=13157.648789388 own_e2e_us=534.9
RESULT_CHECK rank=1 rep=0 y_sha256=ede5a9557d34e4e64f6936ecf1974c8e4ff260f9b626ae98855eee6dff736982 y_sum=1105920.000000 y_finite=True counts=[256, 256, 256]
PROFILE_MEASURE_END rank=1 repeats=1
INPUT_PREP rank=1 input_prepare_us=1210995.1

$ /mnt/s00951640/envs/wcf_py310/bin/python /mnt/s00951640/ops-transformer-profs-demo-megamoe-profile/megamoe_profile/scripts/parse_prof.py --n-cores 84 --aiv-cores 56 --event-names-from /mnt/s00951640/ops-transformer-profs-demo-megamoe-profile/prof_runs/20260930_154451_588800_bs128_h5120_i4608_k6_cyclic_shared/build/generated/profile_events_generated.h --pair-map /mnt/s00951640/ops-transformer-profs-demo-megamoe-profile/prof_runs/20260930_154451_588800_bs128_h5120_i4608_k6_cyclic_shared/build/generated/pair_map.json /mnt/s00951640/ops-transformer-profs-demo-megamoe-profile/prof_runs/20260930_154451_588800_bs128_h5120_i4608_k6_cyclic_shared/raw/prof_rank0.bin /mnt/s00951640/ops-transformer-profs-demo-megamoe-profile/prof_runs/20260930_154451_588800_bs128_h5120_i4608_k6_cyclic_shared/raw/prof_rank1.bin /mnt/s00951640/ops-transformer-profs-demo-megamoe-profile/prof_runs/20260930_154451_588800_bs128_h5120_i4608_k6_cyclic_shared/raw/prof_rank2.bin /mnt/s00951640/ops-transformer-profs-demo-megamoe-profile/prof_runs/20260930_154451_588800_bs128_h5120_i4608_k6_cyclic_shared/raw/prof_rank3.bin
[INFO] Loaded 60 event names from /mnt/s00951640/ops-transformer-profs-demo-megamoe-profile/prof_runs/20260930_154451_588800_bs128_h5120_i4608_k6_cyclic_shared/build/generated/profile_events_generated.h
[INFO] N_CORES=84, AIV_CORES=56, AIC_CORES=28
[INFO] Loaded explicit pair map: 30 pairs
Traceback (most recent call last):
  File "/mnt/s00951640/ops-transformer-profs-demo-megamoe-profile/megamoe_profile/scripts/parse_prof.py", line 199, in <module>
    main()
  File "/mnt/s00951640/ops-transformer-profs-demo-megamoe-profile/megamoe_profile/scripts/parse_prof.py", line 175, in main
    rows = parse_one(fp, n_cores, aiv_cores, event_names)
  File "/mnt/s00951640/ops-transformer-profs-demo-megamoe-profile/megamoe_profile/scripts/parse_prof.py", line 65, in parse_one
    raw = open(fpath, 'rb').read()
FileNotFoundError: [Errno 2] No such file or directory: '/mnt/s00951640/ops-transformer-profs-demo-megamoe-profile/prof_runs/20260930_154451_588800_bs128_h5120_i4608_k6_cyclic_shared/raw/prof_rank0.bin'
